# E2.11 landscape and global convergence (generated by e211_landscape.py)

Noise-free flow from 100 Haar-random frames per array, 3 arrays per type and shape; α = 0.5, δ = 1e-6, Gimbal's trust region; 9 s.

| type | shape | global_minimum | strict_saddle | local_minimum | not_converged | zero_J_not_permutation | median steps to J < 1e-10 |
|---|---|---|---|---|---|---|---|
| near_degenerate | 12x16 | 300 | 0 | 0 | 0 | 0 | 30 |
| near_degenerate | 24x32 | 300 | 0 | 0 | 0 | 0 | 30 |
| near_degenerate | 6x8 | 300 | 0 | 0 | 0 | 0 | 20 |
| nonsep_g1 | 12x16 | 300 | 0 | 0 | 0 | 0 | 30 |
| nonsep_g1 | 24x32 | 300 | 0 | 0 | 0 | 0 | 30 |
| nonsep_g1 | 6x8 | 300 | 0 | 0 | 0 | 0 | 30 |
| nonsep_g2 | 12x16 | 300 | 0 | 0 | 0 | 0 | 30 |
| nonsep_g2 | 24x32 | 300 | 0 | 0 | 0 | 0 | 40 |
| nonsep_g2 | 6x8 | 300 | 0 | 0 | 0 | 0 | 30 |
| separable | 12x16 | 300 | 0 | 0 | 0 | 0 | 30 |
| separable | 24x32 | 300 | 0 | 0 | 0 | 0 | 30 |
| separable | 6x8 | 300 | 0 | 0 | 0 | 0 | 20 |
| tie | 12x16 | 300 | 0 | 0 | 0 | 0 | 30 |
| tie | 24x32 | 300 | 0 | 0 | 0 | 0 | 30 |
| tie | 6x8 | 300 | 0 | 0 | 0 | 0 | 30 |

Gate G2.6 (i) (≥ 99% global, no local minima): **True**
