# E2.12 numerical behaviour (generated by e212_numerics.py)

## 1. float32 vs float64 (frame KL ratio, mean over seeds 50–52)

| cell (γ, s) | rate | frame_every | J fp32 / J fp64 |
|---|---|---|---|
| [0.0, 0.5] | 0.005 | 1 | 1.0067 |
| [0.0, 0.5] | 0.005 | 4 | 0.9987 |
| [0.0, 0.5] | 0.02 | 1 | 0.9997 |
| [0.0, 0.5] | 0.02 | 4 | 0.9987 |
| [0.0, 1.5] | 0.005 | 1 | 0.9974 |
| [0.0, 1.5] | 0.005 | 4 | 1.0019 |
| [0.0, 1.5] | 0.02 | 1 | 1.0004 |
| [0.0, 1.5] | 0.02 | 4 | 1.0006 |
| [1.0, 1.0] | 0.005 | 1 | 0.9943 |
| [1.0, 1.0] | 0.005 | 4 | 1.0069 |
| [1.0, 1.0] | 0.02 | 1 | 1.0000 |
| [1.0, 1.0] | 0.02 | 4 | 1.0001 |
| [2.0, 0.5] | 0.005 | 1 | 1.0245 |
| [2.0, 0.5] | 0.005 | 4 | 0.9287 |
| [2.0, 0.5] | 0.02 | 1 | 0.9987 |
| [2.0, 0.5] | 0.02 | 4 | 0.9991 |

Largest float32 orthogonality defect in these runs: 1.5e-06.

## 2. 10⁴ steps, 64×64

fp32_k1: max defect 1.1e-06, fp64_k1: max defect 6.5e-13, fp32_k4: max defect 1.2e-06, fp64_k4: max defect 8.1e-13.

## 3. Gradient scale (frame deviation from scale 1 after 300 steps)

Gated rows start from gauge-free frames (square stream with the default initialization; identity initialization on 32×48). `rect_default` is the pre-registered implementation: the first gradient's GᵀG is rank-deficient, so eigh's basis of its null space is arbitrary and rounding differences select different bases (F-015); the flow then re-converges, as the distance modulo signed permutations shows.

| case, precision, scale | raw deviation | modulo signed permutations | finite | gated |
|---|---|---|---|---|
| square_default_fp64_1e-30 | 2.0e-11 | 7.8e-16 | True | True |
| square_default_fp64_1e-15 | 1.7e-11 | 7.8e-16 | True | True |
| square_default_fp64_1e+15 | 1.4e-11 | 6.7e-16 | True | True |
| square_default_fp64_1e+30 | 2.3e-11 | 7.8e-16 | True | True |
| square_default_fp32_1e-15 | 1.2e-03 | 4.3e-06 | True | False |
| square_default_fp32_1e+15 | 6.4e-01 | 7.5e-06 | True | False |
| rect_identity_fp64_1e-30 | 7.1e-11 | 6.0e-15 | True | True |
| rect_identity_fp64_1e-15 | 9.7e-11 | 5.8e-15 | True | True |
| rect_identity_fp64_1e+15 | 4.3e-11 | 5.9e-15 | True | True |
| rect_identity_fp64_1e+30 | 5.4e-10 | 5.7e-15 | True | True |
| rect_identity_fp32_1e-15 | 6.8e-01 | 5.7e-03 | True | False |
| rect_identity_fp32_1e+15 | 2.0e-03 | 1.1e-05 | True | False |
| rect_default_fp64_1e-30 | 4.6e-01 | 4.9e-05 | True | False |
| rect_default_fp64_1e-15 | 6.1e-01 | 9.1e-05 | True | False |
| rect_default_fp64_1e+15 | 6.1e-01 | 4.8e-05 | True | False |
| rect_default_fp64_1e+30 | 6.4e-01 | 5.0e-05 | True | False |
| rect_default_fp32_1e-15 | 6.3e-01 | 5.8e-05 | True | False |
| rect_default_fp32_1e+15 | 5.6e-01 | 7.3e-05 | True | False |

## 4. Degenerate inputs (500 steps)

| case | finite | max defect |
|---|---|---|
| zeros_first_fp32 | True | 1.2e-06 |
| zeros_first_fp64 | True | 1.0e-12 |
| all_zero_fp32 | True | 0.0e+00 |
| all_zero_fp64 | True | 0.0e+00 |
| dead_row_fp32 | True | 1.5e-06 |
| dead_row_fp64 | True | 9.9e-13 |
| dead_col_fp32 | True | 1.1e-06 |
| dead_col_fp64 | True | 9.8e-13 |
| rank_one_fp32 | True | 1.8e-06 |
| rank_one_fp64 | True | 9.6e-13 |
| range_1e12_fp32 | True | 1.3e-06 |
| range_1e12_fp64 | True | 9.8e-13 |

Pass by part: 1_precision: True, 2_long_run: True, 3_scale: True, 4_degenerate: True

**G2.6 (iii): True**
