1/56 cells, 57s
9/56 cells, 172s
17/56 cells, 289s
25/56 cells, 399s
33/56 cells, 511s
41/56 cells, 620s
49/56 cells, 739s
# E2.9 ablations (generated by e29_ablations.py)

Mean frame KL (second half) at each variant's best rotation rate; the ratio is variant / default (geometric mean over seeds), `*` marks a one-sided paired Wilcoxon p < 0.05 for a difference from the default (either direction).

| variant | γ=0 s=0.5 | γ=0 s=1.5 | γ=1 s=1 | γ=2 s=0.5 | γ=0.5 s=1 tie | γ=1 s=1 t(ν=3) | γ=1 s=1 drift=0.003 |
|---|---|---|---|---|---|---|---|
| default | 1.80 (1.00) | 2.13 (1.00) | 3.80 (1.00) | 5.46 (1.00) | 2.81 (1.00) | 2.28 (1.00) | 29.18 (1.00) |
| transport | 1.90 (1.06*) | 2.15 (1.01) | 2.87 (0.87) | 5.49 (1.01) | 2.71 (0.97) | 2.13 (0.93*) | 29.71 (1.02*) |
| init_eigh | 1.83 (1.02*) | 1.81 (0.85*) | 3.49 (1.04) | 15.88 (2.42*) | 4.42 (1.58*) | 2.39 (1.05) | 29.18 (1.00) |
| init_identity | 1.85 (1.03*) | 3.04 (1.43*) | 5.44 (1.52) | 13.51 (1.95*) | 3.87 (1.35*) | 3.42 (1.44*) | 29.18 (1.00) |
| warm_20 | 1.80 (1.00) | 1.96 (0.92*) | 2.73 (0.83) | 4.86 (0.89*) | 3.07 (1.08) | 2.21 (0.97) | 29.18 (1.00) |
| warm_100 | 1.78 (0.99) | 2.49 (1.17*) | 3.32 (1.00) | 7.03 (1.29*) | 3.58 (1.27*) | 2.70 (1.18*) | 29.18 (1.00) |
| no_shrink | 2.74 (1.53*) | 3.28 (1.54*) | 3.06 (0.92) | 5.48 (1.01) | 2.95 (1.05) | 2.32 (1.01) | 28.97 (0.99*) |
| adam_v | 4.61 (2.57*) | 6.07 (2.85*) | 4.41 (1.34) | 5.10 (0.93) | 4.62 (1.65*) | 2.80 (1.23*) | 28.97 (0.99*) |
| damping_3e-4 | 1.71 (0.95*) | 1.93 (0.91*) | 2.82 (0.85) | 5.39 (0.99) | 2.81 (1.00) | 2.23 (0.97) | 29.19 (1.00*) |
| damping_3e-2 | 2.65 (1.48*) | 3.60 (1.69*) | 4.41 (1.33) | 5.65 (1.03*) | 4.51 (1.61*) | 2.62 (1.14*) | 29.07 (1.00*) |
| floor_1e-3 | 1.79 (1.00) | 2.17 (1.02*) | 2.97 (0.89) | 5.68 (1.04*) | 2.81 (1.00) | 2.39 (1.05*) | 29.21 (1.00*) |
| floor_1e-2 | 1.80 (1.00) | 2.97 (1.40*) | 2.99 (0.91) | 7.50 (1.37*) | 2.98 (1.05) | 2.56 (1.11*) | 30.00 (1.03*) |
| max_angle_0.05 | 1.80 (1.00) | 2.16 (1.02) | 3.19 (0.94) | 5.43 (0.99) | 3.01 (1.06) | 2.89 (1.18*) | 29.18 (1.00) |
| max_angle_1 | 1.79 (0.99) | 2.14 (1.01) | 2.92 (0.88) | 5.39 (0.99) | 3.19 (1.11) | 2.27 (0.99) | 29.18 (1.00) |
| constant_rate | 2.26 (1.26*) | 4.11 (1.93*) | 4.53 (1.37) | 6.21 (1.14*) | 4.42 (1.58*) | 3.53 (1.55*) | 29.18 (1.00) |
| k4 | 1.82 (1.01*) | 2.23 (1.05*) | 3.14 (0.94) | 5.54 (1.02) | 3.09 (1.09*) | 2.43 (1.06*) | 30.33 (1.04*) |
| k10 | 1.85 (1.03*) | 2.57 (1.21*) | 3.89 (1.15) | 5.87 (1.07*) | 3.48 (1.22*) | 2.90 (1.22*) | 32.94 (1.13*) |
| polish_4 | 1.79 (1.00) | 2.12 (1.00) | 2.85 (0.86) | 5.39 (0.99) | 3.23 (1.13) | 2.28 (1.00) | 29.18 (1.00*) |
