1/56 cells, 58s
9/56 cells, 62s
17/56 cells, 63s
25/56 cells, 64s
33/56 cells, 64s
41/56 cells, 64s
49/56 cells, 65s
# E2.9 ablations (generated by e29_ablations.py)

Mean frame KL (second half) at each variant's best rotation rate; the ratio is variant / default (geometric mean over seeds), `*` marks a one-sided paired Wilcoxon p < 0.05 for a difference from the default (either direction).

| variant | γ=1 s=1 drift=0.003 | γ=2 s=0.5 | γ=0.5 s=1 tie | γ=1 s=1 t(ν=3) | γ=0 s=1.5 | γ=1 s=1 | γ=0 s=0.5 |
|---|---|---|---|---|---|---|---|
| default | 30.34 (1.00) | 5.51 (1.00) | 2.85 (1.00) | 2.23 (1.00) | 2.12 (1.00) | 2.99 (1.00) | 1.80 (1.00) |
| transport | 30.71 (1.01*) | 5.56 (1.01) | 2.83 (0.99) | 2.14 (0.96*) | 2.14 (1.01*) | 2.85 (0.96) | 1.89 (1.05*) |
| init_eigh | 30.32 (1.00) | 9.59 (1.45*) | 4.35 (1.53*) | 2.37 (1.07) | 1.81 (0.86*) | 4.27 (1.44*) | 1.81 (1.00) |
| init_identity | 30.32 (1.00) | 10.16 (1.54*) | 4.00 (1.35*) | 3.52 (1.59*) | 3.07 (1.45*) | 4.40 (1.48*) | 1.83 (1.02*) |
| warm_20 | 30.34 (1.00) | 4.72 (0.85) | 3.29 (1.13) | 2.12 (0.94) | 1.97 (0.93*) | 2.75 (0.92) | 1.80 (1.00) |
| warm_100 | 30.32 (1.00) | 7.21 (1.31*) | 3.81 (1.32*) | 2.69 (1.21*) | 2.50 (1.18*) | 3.49 (1.17*) | 1.78 (0.99) |
| no_shrink | 30.13 (0.99*) | 5.53 (1.00) | 3.10 (1.08) | 2.28 (1.03) | 3.27 (1.54*) | 3.23 (1.08*) | 2.78 (1.54*) |
| adam_v | 30.13 (0.99*) | 5.28 (0.95) | 4.72 (1.65*) | 2.81 (1.27*) | 6.14 (2.90*) | 4.63 (1.56*) | 4.64 (2.57*) |
| damping_3e-4 | 30.35 (1.00*) | 5.51 (1.00) | 2.98 (1.04) | 2.19 (0.98) | 1.94 (0.92*) | 3.09 (1.02) | 1.71 (0.95*) |
| damping_3e-2 | 30.23 (1.00*) | 5.67 (1.03*) | 4.39 (1.54*) | 3.11 (1.29*) | 3.61 (1.70*) | 4.36 (1.47*) | 2.66 (1.48*) |
| floor_1e-3 | 30.36 (1.00*) | 5.75 (1.04*) | 3.20 (1.10) | 2.23 (1.00) | 2.18 (1.03*) | 3.02 (1.01) | 1.80 (1.00) |
| floor_1e-2 | 31.11 (1.03*) | 7.57 (1.37*) | 3.35 (1.13) | 2.31 (1.03*) | 2.98 (1.41*) | 3.25 (1.07*) | 1.81 (1.01) |
| max_angle_0.05 | 30.34 (1.00*) | 5.54 (1.01) | 3.28 (1.12) | 2.58 (1.15*) | 2.15 (1.01*) | 2.91 (0.97) | 1.80 (1.00) |
| max_angle_1 | 30.34 (1.00) | 5.50 (1.00) | 2.97 (1.04) | 2.32 (1.05*) | 2.13 (1.00) | 2.90 (0.98) | 1.81 (1.00) |
| constant_rate | 30.34 (1.00) | 7.48 (1.29*) | 4.49 (1.57*) | 3.53 (1.59*) | 4.12 (1.95*) | 4.51 (1.52*) | 2.27 (1.26*) |
| k1 | 29.19 (0.96*) | 5.45 (0.99*) | 2.83 (0.99*) | 2.22 (1.00*) | 2.11 (1.00*) | 2.96 (0.99*) | 1.80 (1.00*) |
| k10 | 32.95 (1.09*) | 5.72 (1.04*) | 2.99 (1.05*) | 2.26 (1.01*) | 2.14 (1.01*) | 3.03 (1.02) | 1.81 (1.01*) |
| polish_4 | 30.35 (1.00*) | 5.47 (0.99) | 3.08 (1.07*) | 2.31 (1.04) | 2.12 (1.00) | 3.08 (1.03) | 1.81 (1.00) |
| no_center | 30.33 (1.00*) | 5.45 (0.99) | 3.23 (1.12*) | 2.28 (1.01) | 2.16 (1.02) | 2.91 (0.98) | 1.80 (1.00) |
| center_always | 30.70 (1.01*) | 6.45 (1.14*) | 3.22 (1.12*) | 2.35 (1.06) | 2.24 (1.06*) | 2.99 (1.00) | 1.87 (1.04*) |
| fixed_schedule | 30.34 (1.00) | 5.54 (1.01) | 3.47 (1.17) | 2.36 (1.06) | 2.22 (1.05*) | 3.24 (1.08) | 1.80 (1.00) |
